Error type 8 at Line 8: incompatiable return type
