Error type 7 at Line 7: binary operation on non-number variables
