Error type 5 at Line 2: unmatching type on both sides of assignment
Error type 8 at Line 4: incompatiable return type
