Error type 10 at Line 3: indexing on non-array variable
