Error type 9 at Line 13: invalid argument number for max, expect 2, got 3
