Error type 5 at Line 2: unmatching type on both sides of assignment
Error type 5 at Line 3: unmatching type on both sides of assignment
