Error type B at Line 1: Missing closing parenthesis ')'
Error type A at Line 2: unknown lexeme 01
