Program (1)
  ExtDefList (1)
    ExtDef (1)
      Specifier (1)
        TYPE: int
      FunDec (1)
        ID: fun
        LP
        VarList (1)
          ParamDec (1)
            Specifier (1)
              TYPE: int
            VarDec (1)
              ID: x
        RP
      CompSt (1)
        LC
        StmtList (2)
          Stmt (2)
            WHILE
            LP
            Exp (2)
              Exp (2)
                ID: x
              GT
              Exp (2)
                INT: 0
            RP
            Stmt (2)
              CompSt (2)
                LC
                StmtList (3)
                  Stmt (3)
                    Exp (3)
                      Exp (3)
                        ID: x
                      ASSIGN
                      Exp (3)
                        Exp (3)
                          ID: x
                        MINUS
                        Exp (3)
                          INT: 1
                    SEMI
                RC
          StmtList (5)
            Stmt (5)
              RETURN
              Exp (5)
                ID: x
              SEMI
        RC
